[      42ms] Uncaught (in promise) TypeError: Cannot read properties of undefined (reading 'getObject3D')
    at _resize (https://cdn.jsdelivr.net/npm/mind-ar@1.2.5/dist/mindar-image-aframe.prod.js:20755:6493)
    at _startAR (https://cdn.jsdelivr.net/npm/mind-ar@1.2.5/dist/mindar-image-aframe.prod.js:20755:5664)
    at <anonymous> (https://cdn.jsdelivr.net/npm/mind-ar@1.2.5/dist/mindar-image-aframe.prod.js:20755:4847)
[     172ms] [LOG] A-Frame Version: 1.6.0 (Date 2024-05-23, Commit #0e2163bd) @ https://aframe.io/releases/1.6.0/aframe.min.js:0
[     174ms] [LOG] THREE Version (https://github.com/supermedium/three.js): 164 @ https://aframe.io/releases/1.6.0/aframe.min.js:0
[     175ms] [LOG] WebVR Polyfill Version: ^0.10.12 @ https://aframe.io/releases/1.6.0/aframe.min.js:0
[     437ms] [WARNING] THREE.WebGLRenderer: The property .useLegacyLights has been deprecated. Migrate your lighting according to the following guide: https://discourse.threejs.org/t/updates-to-lighting-in-three-js-r155/53733. @ https://aframe.io/releases/1.6.0/aframe.min.js:0
[    1330ms] Uncaught (in promise) TypeError: Cannot read properties of undefined (reading 'getObject3D')
    at _resize (https://cdn.jsdelivr.net/npm/mind-ar@1.2.5/dist/mindar-image-aframe.prod.js:20755:6493)
    at _startAR (https://cdn.jsdelivr.net/npm/mind-ar@1.2.5/dist/mindar-image-aframe.prod.js:20755:5664)
    at <anonymous> (https://cdn.jsdelivr.net/npm/mind-ar@1.2.5/dist/mindar-image-aframe.prod.js:20755:4847)
[  152225ms] [LOG] A-Frame Version: 1.6.0 (Date 2024-05-23, Commit #0e2163bd) @ https://aframe.io/releases/1.6.0/aframe.min.js:0
[  152225ms] [LOG] THREE Version (https://github.com/supermedium/three.js): 164 @ https://aframe.io/releases/1.6.0/aframe.min.js:0
[  152241ms] [LOG] WebVR Polyfill Version: ^0.10.12 @ https://aframe.io/releases/1.6.0/aframe.min.js:0
[  152477ms] [WARNING] THREE.WebGLRenderer: The property .useLegacyLights has been deprecated. Migrate your lighting according to the following guide: https://discourse.threejs.org/t/updates-to-lighting-in-three-js-r155/53733. @ https://aframe.io/releases/1.6.0/aframe.min.js:0
[  153415ms] Uncaught (in promise) TypeError: Cannot read properties of undefined (reading 'getObject3D')
    at _resize (https://cdn.jsdelivr.net/npm/mind-ar@1.2.5/dist/mindar-image-aframe.prod.js:20755:6493)
    at _startAR (https://cdn.jsdelivr.net/npm/mind-ar@1.2.5/dist/mindar-image-aframe.prod.js:20755:5664)
    at <anonymous> (https://cdn.jsdelivr.net/npm/mind-ar@1.2.5/dist/mindar-image-aframe.prod.js:20755:4847)
[  220005ms] [LOG] A-Frame Version: 1.6.0 (Date 2024-05-23, Commit #0e2163bd) @ https://aframe.io/releases/1.6.0/aframe.min.js:0
[  220006ms] [LOG] THREE Version (https://github.com/supermedium/three.js): 164 @ https://aframe.io/releases/1.6.0/aframe.min.js:0
[  220006ms] [LOG] WebVR Polyfill Version: ^0.10.12 @ https://aframe.io/releases/1.6.0/aframe.min.js:0
[  220155ms] [WARNING] THREE.WebGLRenderer: The property .useLegacyLights has been deprecated. Migrate your lighting according to the following guide: https://discourse.threejs.org/t/updates-to-lighting-in-three-js-r155/53733. @ https://aframe.io/releases/1.6.0/aframe.min.js:0
